// Jest Snapshot v1, https://goo.gl/fbAQLP

exports[`portal-manager.tsx should match snapshot 1`] = `<DocumentFragment />`;
