// Jest Snapshot v1, https://goo.gl/fbAQLP

exports[`portal-stage.tsx should match snapshot 1`] = `
<div>
  <div>
    <div
      class="konvajs-content"
      role="presentation"
      style="position: relative; user-select: none; width: 0px; height: 0px;"
    >
      <canvas
        height="0"
        style="padding: 0px; margin: 0px; border: 0px; background: transparent; position: absolute; top: 0px; left: 0px; width: 0px; height: 0px; display: block;"
        width="0"
      />
    </div>
  </div>
</div>
`;
